\BOOKMARK [0][-]{section*.1}{\376\377\000T\000a\000b\000l\000e\000\040\000d\000e\000s\000\040\000m\000a\000t\000i\000\350\000r\000e\000s}{}% 1
\BOOKMARK [0][-]{section*.2}{\376\377\000T\000a\000b\000l\000e\000\040\000d\000e\000s\000\040\000f\000i\000g\000u\000r\000e\000s}{}% 2
\BOOKMARK [0][-]{section*.3}{\376\377\000L\000i\000s\000t\000e\000\040\000d\000e\000s\000\040\000t\000a\000b\000l\000e\000a\000u\000x}{}% 3
\BOOKMARK [0][-]{section*.3}{\376\377\000I\000n\000t\000r\000o\000d\000u\000c\000t\000i\000o\000n\000\040\000G\000\351\000n\000\351\000r\000a\000l\000e}{}% 4
\BOOKMARK [0][-]{chapter.1}{\376\377\000E\000t\000u\000d\000e\000\040\000p\000r\000\351\000a\000l\000a\000b\000l\000e}{}% 5
\BOOKMARK [1][-]{section.1.1}{\376\377\000I\000n\000t\000r\000o\000d\000u\000c\000t\000i\000o\000n}{chapter.1}% 6
\BOOKMARK [1][-]{section.1.2}{\376\377\000P\000r\000\351\000s\000e\000n\000t\000a\000t\000i\000o\000n\000\040\000d\000e\000\040\000l\000'\000o\000r\000g\000a\000n\000i\000s\000m\000e\000\040\000d\000'\000a\000c\000c\000u\000e\000i\000l}{chapter.1}% 7
\BOOKMARK [2][-]{subsection.1.2.1}{\376\377\000V\000i\000s\000i\000o\000n\000\040\000e\000t\000\040\000m\000i\000s\000s\000i\000o\000n}{section.1.2}% 8
\BOOKMARK [2][-]{subsection.1.2.2}{\376\377\000E\000n\000g\000a\000g\000e\000m\000e\000n\000t\000s\000\040\000q\000u\000a\000l\000i\000t\000\351}{section.1.2}% 9
\BOOKMARK [2][-]{subsection.1.2.3}{\376\377\000S\000e\000c\000t\000e\000u\000r\000s\000\040\000d\040\031\000a\000c\000t\000i\000v\000i\000t\000\351\000s}{section.1.2}% 10
\BOOKMARK [1][-]{section.1.3}{\376\377\000C\000o\000n\000t\000e\000x\000t\000e\000\040\000g\000\351\000n\000\351\000r\000a\000l\000\040\000d\000u\000\040\000p\000r\000o\000j\000e\000t}{chapter.1}% 11
\BOOKMARK [2][-]{subsection.1.3.1}{\376\377\000C\000a\000d\000r\000e\000\040\000d\000u\000\040\000p\000r\000o\000j\000e\000t}{section.1.3}% 12
\BOOKMARK [2][-]{subsection.1.3.2}{\376\377\000C\000o\000n\000t\000e\000x\000t\000e\000\040\000d\000u\000\040\000p\000r\000o\000j\000e\000t}{section.1.3}% 13
\BOOKMARK [2][-]{subsection.1.3.3}{\376\377\000P\000r\000o\000b\000l\000\351\000m\000a\000t\000i\000q\000u\000e}{section.1.3}% 14
\BOOKMARK [2][-]{subsection.1.3.4}{\376\377\000E\000t\000u\000d\000e\000\040\000d\000e\000\040\000l\000'\000e\000x\000i\000s\000t\000a\000n\000t\000\040\000:\000\040\000B\000e\000n\000c\000h\000m\000a\000r\000k\000\040\000d\000e\000s\000\040\000p\000l\000a\000t\000e\000f\000o\000r\000m\000e\000s\000\040\000d\000e\000\040\000r\000\351\000f\000\351\000r\000e\000n\000c\000e}{section.1.3}% 15
\BOOKMARK [3][-]{subsubsection.1.3.4.1}{\376\377\000F\000r\000a\000n\000c\000e\000C\000o\000n\000n\000e\000c\000t\000\040\000\050\000F\000r\000a\000n\000c\000e\000\051}{subsection.1.3.4}% 16
\BOOKMARK [3][-]{subsubsection.1.3.4.2}{\376\377\000I\000r\000e\000m\000b\000o\000G\000o\000v\000\040\000\050\000R\000w\000a\000n\000d\000a\000\051}{subsection.1.3.4}% 17
\BOOKMARK [3][-]{subsubsection.1.3.4.3}{\376\377\000G\000h\000a\000n\000a\000.\000g\000o\000v\000\040\000\050\000G\000h\000a\000n\000a\000\051}{subsection.1.3.4}% 18
\BOOKMARK [2][-]{subsection.1.3.5}{\376\377\000S\000o\000l\000u\000t\000i\000o\000n\000\040\000p\000r\000o\000p\000o\000s\000\351\000e}{section.1.3}% 19
\BOOKMARK [1][-]{section.1.4}{\376\377\000L\000e\000s\000\040\000m\000\351\000t\000h\000o\000d\000o\000l\000o\000g\000i\000e\000s\000\040\000d\000e\000\040\000g\000e\000s\000t\000i\000o\000n\000\040\000d\000e\000\040\000p\000r\000o\000j\000e\000t}{chapter.1}% 20
\BOOKMARK [2][-]{subsection.1.4.1}{\376\377\000M\000\351\000t\000h\000o\000d\000o\000l\000o\000g\000i\000e\000s\000\040\000t\000r\000a\000d\000i\000t\000i\000o\000n\000n\000e\000l\000l\000e\000s\000\040\000\050\000p\000r\000\351\000d\000i\000c\000t\000i\000v\000e\000s\000\051}{section.1.4}% 21
\BOOKMARK [2][-]{subsection.1.4.2}{\376\377\000M\000\351\000t\000h\000o\000d\000o\000l\000o\000g\000i\000e\000s\000\040\000A\000g\000i\000l\000e\000s\000\040\000\050\000a\000d\000a\000p\000t\000a\000t\000i\000v\000e\000s\000\051}{section.1.4}% 22
\BOOKMARK [2][-]{subsection.1.4.3}{\376\377\000S\000y\000n\000t\000h\000\351\000s\000e\000\040\000d\000e\000s\000\040\000m\000e\000t\000h\000o\000d\000o\000l\000o\000g\000i\000e\000\040\000d\000e\000\040\000g\000e\000s\000t\000i\000o\000n\000\040\000d\000e\000\040\000p\000r\000o\000j\000e\000t}{section.1.4}% 23
\BOOKMARK [2][-]{subsection.1.4.4}{\376\377\000M\000\351\000t\000h\000o\000d\000e\000\040\000a\000d\000o\000p\000t\000\351\000\040\000:\000\040\000S\000c\000r\000u\000m}{section.1.4}% 24
\BOOKMARK [1][-]{section.1.5}{\376\377\000M\000o\000d\000\351\000l\000i\000s\000a\000t\000i\000o\000n\000\040\000U\000M\000L}{chapter.1}% 25
\BOOKMARK [1][-]{section.1.6}{\376\377\000P\000l\000a\000n\000i\000f\000i\000c\000a\000t\000i\000o\000n\000\040\000d\000u\000\040\000p\000r\000o\000j\000e\000t}{chapter.1}% 26
\BOOKMARK [1][-]{section.1.7}{\376\377\000C\000o\000n\000c\000l\000u\000s\000i\000o\000n}{chapter.1}% 27
\BOOKMARK [0][-]{chapter.2}{\376\377\000S\000p\000\351\000c\000i\000f\000i\000c\000a\000t\000i\000o\000n\000\040\000d\000e\000s\000\040\000b\000e\000s\000o\000i\000n\000s}{}% 28
\BOOKMARK [1][-]{section.2.1}{\376\377\000I\000n\000t\000r\000o\000d\000u\000c\000t\000i\000o\000n}{chapter.2}% 29
\BOOKMARK [1][-]{section.2.2}{\376\377\000C\000a\000p\000t\000u\000r\000e\000\040\000d\000e\000s\000\040\000b\000e\000s\000o\000i\000n\000s}{chapter.2}% 30
\BOOKMARK [2][-]{subsection.2.2.1}{\376\377\000I\000d\000e\000n\000t\000i\000f\000i\000c\000a\000t\000i\000o\000n\000\040\000d\000e\000s\000\040\000a\000c\000t\000e\000u\000r\000s}{section.2.2}% 31
\BOOKMARK [2][-]{subsection.2.2.2}{\376\377\000B\000e\000s\000o\000i\000n\000s\000\040\000f\000o\000n\000c\000t\000i\000o\000n\000n\000e\000l\000s}{section.2.2}% 32
\BOOKMARK [2][-]{subsection.2.2.3}{\376\377\000L\000e\000s\000\040\000B\000e\000s\000o\000i\000n\000s\000\040\000n\000o\000n\000\040\000f\000o\000n\000c\000t\000i\000o\000n\000n\000e\000l\000s}{section.2.2}% 33
\BOOKMARK [2][-]{subsection.2.2.4}{\376\377\000B\000a\000c\000k\000l\000o\000g\000\040\000d\000u\000\040\000P\000r\000o\000d\000u\000i\000t}{section.2.2}% 34
\BOOKMARK [2][-]{subsection.2.2.5}{\376\377\000D\000i\000g\000r\000a\000m\000m\000e\000\040\000d\000e\000s\000\040\000c\000a\000s\000\040\000d\000'\000u\000t\000i\000l\000i\000s\000a\000t\000i\000o\000n\000s\000\040\000g\000l\000o\000b\000a\000l}{section.2.2}% 35
\BOOKMARK [2][-]{subsection.2.2.6}{\376\377\000D\000i\000a\000g\000r\000a\000m\000m\000e\000\040\000d\000e\000\040\000c\000l\000a\000s\000s\000e}{section.2.2}% 36
\BOOKMARK [1][-]{section.2.3}{\376\377\000S\000t\000r\000u\000c\000t\000u\000r\000a\000t\000i\000o\000n\000\040\000e\000t\000\040\000p\000l\000a\000n\000i\000f\000i\000c\000a\000t\000i\000o\000n\000\040\000d\000e\000s\000\040\000s\000p\000r\000i\000n\000t\000s}{chapter.2}% 37
\BOOKMARK [2][-]{subsection.2.3.1}{\376\377\000A\000t\000t\000r\000i\000b\000u\000t\000i\000o\000n\000\040\000d\000e\000s\000\040\000r\000o\000l\000e\000s}{section.2.3}% 38
\BOOKMARK [2][-]{subsection.2.3.2}{\376\377\000P\000l\000a\000n\000i\000f\000i\000c\000a\000t\000i\000o\000n\000\040\000d\000e\000s\000\040\000s\000p\000r\000i\000n\000t\000s}{section.2.3}% 39
\BOOKMARK [1][-]{section.2.4}{\376\377\000E\000n\000v\000i\000r\000o\000n\000n\000e\000m\000e\000n\000t\000\040\000m\000a\000t\000\351\000r\000i\000e\000l}{chapter.2}% 40
\BOOKMARK [1][-]{section.2.5}{\376\377\000E\000n\000v\000i\000r\000o\000n\000n\000e\000m\000e\000n\000t\000\040\000l\000o\000g\000i\000c\000i\000e\000l}{chapter.2}% 41
\BOOKMARK [2][-]{subsection.2.5.1}{\376\377\000E\000n\000v\000i\000r\000o\000n\000n\000e\000m\000e\000n\000t\000\040\000t\000e\000c\000h\000n\000i\000q\000u\000e}{section.2.5}% 42
\BOOKMARK [1][-]{section.2.6}{\376\377\000A\000r\000c\000h\000i\000t\000e\000c\000t\000u\000r\000e\000\040\000l\000o\000g\000i\000c\000i\000e\000l\000l\000e}{chapter.2}% 43
\BOOKMARK [2][-]{subsection.2.6.1}{\376\377\000A\000r\000c\000h\000i\000t\000e\000c\000t\000u\000r\000e\000\040\000l\000o\000g\000i\000q\000u\000e}{section.2.6}% 44
\BOOKMARK [2][-]{subsection.2.6.2}{\376\377\000A\000r\000c\000h\000i\000t\000e\000c\000t\000u\000r\000e\000\040\000p\000h\000y\000s\000i\000q\000u\000e}{section.2.6}% 45
\BOOKMARK [1][-]{section.2.7}{\376\377\000C\000o\000n\000c\000l\000u\000s\000i\000o\000n}{chapter.2}% 46
\BOOKMARK [0][-]{chapter.3}{\376\377\000R\000e\000l\000e\000a\000s\000e\000\040\0001\000\040\000:\000\040\000s\000p\000r\000i\000n\000t\0001\000,\000\040\000s\000p\000r\000i\000n\000t\0002\000\040\000e\000t\000\040\000s\000p\000r\000i\000n\000t\0003}{}% 47
\BOOKMARK [1][-]{section.3.1}{\376\377\000I\000n\000t\000r\000o\000d\000u\000c\000t\000i\000o\000n}{chapter.3}% 48
\BOOKMARK [1][-]{section.3.2}{\376\377\000S\000p\000r\000i\000n\000t\000\040\0001\000\040\000:\000\040\000S\000o\000c\000l\000e\000\040\000d\000'\000a\000c\000c\000\350\000s\000\040\000e\000t\000\040\000s\000t\000r\000u\000c\000t\000u\000r\000e\000s\000\040\000i\000n\000s\000t\000i\000t\000u\000t\000i\000o\000n\000n\000e\000l\000l\000e\000s}{chapter.3}% 49
\BOOKMARK [2][-]{subsection.3.2.1}{\376\377\000B\000a\000c\000k\000l\000o\000g\000\040\000d\000u\000\040\000S\000p\000r\000i\000n\000t\000\040\0001}{section.3.2}% 50
\BOOKMARK [2][-]{subsection.3.2.2}{\376\377\000S\000p\000\351\000c\000i\000f\000i\000c\000a\000t\000i\000o\000n\000\040\000f\000o\000n\000c\000t\000i\000o\000n\000n\000e\000l\000l\000e\000\040\000d\000u\000\040\000s\000p\000r\000i\000n\000t\000\040\0001}{section.3.2}% 51
\BOOKMARK [2][-]{subsection.3.2.3}{\376\377\000D\000i\000a\000g\000r\000a\000m\000m\000e\000\040\000d\000e\000\040\000c\000a\000s\000\040\000d\040\031\000u\000t\000i\000l\000i\000s\000a\000t\000i\000o\000n\000\040\000d\000u\000\040\000s\000p\000r\000i\000n\000t\000\040\0001}{section.3.2}% 52
\BOOKMARK [2][-]{subsection.3.2.4}{\376\377\000D\000i\000a\000g\000r\000a\000m\000m\000e\000\040\000d\000e\000\040\000c\000l\000a\000s\000s\000e\000\040\000d\000u\000\040\000s\000p\000r\000i\000n\000t\000\040\0001}{section.3.2}% 53
\BOOKMARK [2][-]{subsection.3.2.5}{\376\377\000R\000a\000f\000f\000i\000n\000e\000m\000e\000n\000t\000\040\000e\000t\000\040\000d\000e\000s\000c\000r\000i\000p\000t\000i\000o\000n\000\040\000t\000e\000x\000t\000u\000e\000l\000l\000e\000\040\000d\000u\000\040\000c\000a\000s\000\040\000d\000'\000u\000t\000i\000l\000i\000s\000a\000t\000i\000o\000n\000\040\000\253\000G\000\351\000r\000e\000r\000\040\000l\000e\000s\000\040\000a\000d\000m\000i\000n\000i\000s\000t\000r\000a\000t\000i\000o\000n\000s\000\273}{section.3.2}% 54
\BOOKMARK [2][-]{subsection.3.2.6}{\376\377\000L\000e\000s\000\040\000d\000i\000a\000g\000r\000a\000m\000m\000e\000s\000\040\000d\000e\000\040\000s\000\351\000q\000u\000e\000n\000c\000e\000s\000\040\000d\000u\000\040\000c\000a\000s\000\040\000d\040\031\000u\000t\000i\000l\000i\000s\000a\000t\000i\000o\000n\000\040\000\253\000\040\000G\000\351\000r\000e\000r\000\040\000l\000e\000s\000\040\000a\000d\000m\000i\000n\000i\000s\000t\000r\000a\000t\000i\000o\000n\000s\000\040\000\273}{section.3.2}% 55
\BOOKMARK [2][-]{subsection.3.2.7}{\376\377\000R\000\351\000a\000l\000i\000s\000a\000t\000i\000o\000n\000\040\000d\000u\000\040\000c\000a\000s\000\040\000d\000'\000u\000t\000i\000l\000i\000s\000a\000t\000i\000o\000n\000\040\000\253\000\040\000G\000\351\000r\000e\000r\000\040\000l\000e\000s\000\040\000a\000d\000m\000i\000n\000i\000s\000t\000r\000a\000t\000i\000o\000n\000s\000\040\000\273}{section.3.2}% 56
\BOOKMARK [2][-]{subsection.3.2.8}{\376\377\000R\000e\000v\000u\000e\000\040\000d\000u\000\040\000S\000p\000r\000i\000n\000t\000\040\0001}{section.3.2}% 57
\BOOKMARK [1][-]{section.3.3}{\376\377\000S\000p\000r\000i\000n\000t\000\040\0002\000\040\000:\000\040\000C\000a\000t\000a\000l\000o\000g\000u\000e\000\040\000d\000e\000\040\000s\000e\000r\000v\000i\000c\000e\000s\000\040\000e\000t\000\040\000m\000o\000t\000e\000u\000r\000\040\000d\000e\000\040\000f\000o\000r\000m\000u\000l\000a\000i\000r\000e\000s\000\040\000d\000y\000n\000a\000m\000i\000q\000u\000e\000s}{chapter.3}% 58
\BOOKMARK [2][-]{subsection.3.3.1}{\376\377\000B\000a\000c\000k\000l\000o\000g\000\040\000d\000u\000\040\000S\000p\000r\000i\000n\000t\000\040\0002}{section.3.3}% 59
\BOOKMARK [2][-]{subsection.3.3.2}{\376\377\000S\000p\000\351\000c\000i\000f\000i\000c\000a\000t\000i\000o\000n\000\040\000f\000o\000n\000c\000t\000i\000o\000n\000n\000e\000l\000l\000e\000\040\000d\000u\000\040\000S\000p\000r\000i\000n\000t\000\040\0002}{section.3.3}% 60
\BOOKMARK [2][-]{subsection.3.3.3}{\376\377\000D\000i\000a\000g\000r\000a\000m\000m\000e\000\040\000d\000e\000\040\000c\000a\000s\000\040\000d\000'\000u\000t\000i\000l\000i\000s\000a\000t\000i\000o\000n\000\040\000d\000u\000\040\000s\000p\000r\000i\000n\000t\000\040\0002}{section.3.3}% 61
\BOOKMARK [2][-]{subsection.3.3.4}{\376\377\000D\000i\000a\000g\000r\000a\000m\000m\000e\000\040\000d\000e\000\040\000c\000l\000a\000s\000s\000e\000\040\000d\000u\000\040\000s\000p\000r\000i\000n\000t\000\040\0002}{section.3.3}% 62
\BOOKMARK [2][-]{subsection.3.3.5}{\376\377\000R\000a\000f\000f\000i\000n\000e\000m\000e\000n\000t\000\040\000e\000t\000\040\000d\000e\000s\000c\000r\000i\000p\000t\000i\000o\000n\000\040\000t\000e\000x\000t\000u\000e\000l\000l\000e\000\040\000d\000u\000\040\000c\000a\000s\000\040\000d\000'\000u\000t\000i\000l\000i\000s\000a\000t\000i\000o\000n\000\040\000<\000<\000G\000\351\000r\000e\000r\000\040\000l\000e\000s\000\040\000f\000o\000r\000m\000u\000l\000a\000i\000r\000e\000s\000\040\000d\000y\000n\000a\000m\000i\000q\000u\000e\000s\000\040\000>\000>}{section.3.3}% 63
\BOOKMARK [2][-]{subsection.3.3.6}{\376\377\000L\000e\000s\000\040\000d\000i\000a\000g\000r\000a\000m\000m\000e\000s\000\040\000d\000e\000\040\000s\000\351\000q\000u\000e\000n\000c\000e\000s\000\040\000d\000u\000\040\000c\000a\000s\000\040\000d\040\031\000u\000t\000i\000l\000i\000s\000a\000t\000i\000o\000n\000\040\000\253\000\040\000G\000\351\000r\000e\000r\000\040\000l\000e\000s\000\040\000f\000o\000r\000m\000u\000l\000a\000i\000r\000e\000s\000\040\000d\000y\000n\000a\000m\000i\000q\000u\000e\000s\000\040\000\273}{section.3.3}% 64
\BOOKMARK [2][-]{subsection.3.3.7}{\376\377\000R\000\351\000a\000l\000i\000s\000a\000t\000i\000o\000n\000\040\000d\000u\000\040\000s\000p\000r\000i\000n\000t\000\040\000<\000<\000\040\000G\000\351\000r\000e\000r\000\040\000f\000o\000r\000m\000u\000l\000a\000i\000r\000e\000\040\000d\000y\000n\000a\000m\000i\000q\000u\000e\000\040\000>\000>}{section.3.3}% 65
\BOOKMARK [2][-]{subsection.3.3.8}{\376\377\000R\000e\000v\000u\000e\000\040\000d\000u\000\040\000S\000p\000r\000i\000n\000t\000\040\0002}{section.3.3}% 66
\BOOKMARK [1][-]{section.3.4}{\376\377\000S\000p\000r\000i\000n\000t\000\040\0003\000\040\000:\000\040\000D\000\351\000m\000a\000t\000\351\000r\000i\000a\000l\000i\000s\000a\000t\000i\000o\000n\000\040\000e\000t\000\040\000s\000u\000i\000v\000i\000\040\000d\000e\000s\000\040\000d\000\351\000m\000a\000r\000c\000h\000e\000s\000\040\000e\000n\000\040\000l\000i\000g\000n\000e}{chapter.3}% 67
\BOOKMARK [2][-]{subsection.3.4.1}{\376\377\000B\000a\000c\000k\000l\000o\000g\000\040\000d\000u\000\040\000S\000p\000r\000i\000n\000t\000\040\0003}{section.3.4}% 68
\BOOKMARK [2][-]{subsection.3.4.2}{\376\377\000S\000p\000\351\000c\000i\000f\000i\000c\000a\000t\000i\000o\000n\000\040\000f\000o\000n\000c\000t\000i\000o\000n\000n\000e\000l\000l\000e\000\040\000d\000u\000\040\000S\000p\000r\000i\000n\000t\000\040\0003}{section.3.4}% 69
\BOOKMARK [2][-]{subsection.3.4.3}{\376\377\000D\000i\000a\000g\000r\000a\000m\000m\000e\000\040\000d\000e\000\040\000c\000a\000s\000\040\000d\000'\000u\000t\000i\000l\000i\000s\000a\000t\000i\000o\000n\000\040\000d\000u\000\040\000s\000p\000r\000i\000n\000t\000\040\0003}{section.3.4}% 70
\BOOKMARK [2][-]{subsection.3.4.4}{\376\377\000D\000i\000a\000g\000r\000a\000m\000m\000e\000\040\000d\000e\000\040\000c\000l\000a\000s\000s\000e\000\040\000d\000u\000\040\000s\000p\000r\000i\000n\000t\000\040\0003}{section.3.4}% 71
\BOOKMARK [2][-]{subsection.3.4.5}{\376\377\000R\000a\000f\000f\000i\000n\000e\000m\000e\000n\000t\000\040\000e\000t\000\040\000d\000e\000s\000c\000r\000i\000p\000t\000i\000o\000n\000\040\000t\000e\000x\000t\000u\000e\000l\000l\000e\000\040\000d\000u\000\040\000c\000a\000s\000\040\000d\000'\000u\000t\000i\000l\000i\000s\000a\000t\000i\000o\000n\000\040\000<\000<\000\040\000S\000u\000i\000v\000r\000e\000\040\000\351\000t\000a\000t\000\040\000a\000v\000a\000n\000c\000e\000m\000e\000n\000t\000\040\000d\000e\000s\000\040\000d\000o\000s\000s\000i\000e\000r\000s\000\040\000d\000e\000s\000\040\000d\000e\000m\000a\000n\000d\000e\000s\000\040\000>\000>}{section.3.4}% 72
\BOOKMARK [2][-]{subsection.3.4.6}{\376\377\000L\000e\000s\000\040\000d\000i\000a\000g\000r\000a\000m\000m\000e\000s\000\040\000d\000e\000\040\000s\000\351\000q\000u\000e\000n\000c\000e\000s\000\040\000d\000u\000\040\000c\000a\000s\000\040\000d\040\031\000u\000t\000i\000l\000i\000s\000a\000t\000i\000o\000n\000\040\000\253\000\040\000S\000u\000i\000v\000r\000e\000\040\000\351\000t\000a\000t\000\040\000a\000v\000a\000n\000c\000e\000m\000e\000n\000t\000\040\000d\000e\000s\000\040\000d\000o\000s\000s\000i\000e\000r\000s\000\040\000d\000e\000s\000\040\000d\000e\000m\000a\000n\000d\000e\000s\000\040\000\273}{section.3.4}% 73
\BOOKMARK [2][-]{subsection.3.4.7}{\376\377\000R\000\351\000a\000l\000i\000s\000a\000t\000i\000o\000n\000\040\000d\000u\000\040\000s\000p\000r\000i\000n\000t\000\040\000<\000<\000S\000u\000i\000v\000r\000e\000\040\000\351\000t\000a\000t\000\040\000a\000v\000a\000n\000c\000e\000m\000e\000n\000t\000\040\000d\000e\000s\000\040\000d\000o\000s\000s\000i\000e\000r\000s\000\040\000d\000e\000s\000\040\000d\000e\000m\000a\000n\000d\000e\000s\000>\000>}{section.3.4}% 74
\BOOKMARK [2][-]{subsection.3.4.8}{\376\377\000R\000e\000v\000u\000e\000\040\000d\000u\000\040\000S\000p\000r\000i\000n\000t\000\040\0003}{section.3.4}% 75
\BOOKMARK [1][-]{section.3.5}{\376\377\000C\000o\000n\000c\000l\000u\000s\000i\000o\000n}{chapter.3}% 76
\BOOKMARK [0][-]{chapter.4}{\376\377\000D\000e\000u\000x\000i\000\350\000m\000e\000\040\000r\000e\000l\000e\000a\000s\000e\000\040\000:\000\040\000s\000p\000r\000i\000n\000t\000\040\0004\000\040\000e\000t\000\040\000s\000p\000r\000i\000n\000t\000\040\0005}{}% 77
\BOOKMARK [1][-]{section.4.1}{\376\377\000I\000n\000t\000r\000o\000d\000u\000c\000t\000i\000o\000n}{chapter.4}% 78
\BOOKMARK [1][-]{section.4.2}{\376\377\000S\000p\000r\000i\000n\000t\000\040\0004\000\040\000:\000\040\000R\000\351\000c\000l\000a\000m\000a\000t\000i\000o\000n\000s\000,\000\040\000n\000o\000t\000i\000f\000i\000c\000a\000t\000i\000o\000n\000s\000\040\000e\000t\000\040\000s\000u\000p\000e\000r\000v\000i\000s\000i\000o\000n}{chapter.4}% 79
\BOOKMARK [2][-]{subsection.4.2.1}{\376\377\000B\000a\000c\000k\000l\000o\000g\000\040\000d\000u\000\040\000S\000p\000r\000i\000n\000t\000\040\0004}{section.4.2}% 80
\BOOKMARK [2][-]{subsection.4.2.2}{\376\377\000S\000p\000\351\000c\000i\000f\000i\000c\000a\000t\000i\000o\000n\000\040\000f\000o\000n\000c\000t\000i\000o\000n\000n\000e\000l\000l\000e\000\040\000d\000u\000\040\000S\000p\000r\000i\000n\000t\000\040\0004}{section.4.2}% 81
\BOOKMARK [2][-]{subsection.4.2.3}{\376\377\000D\000i\000a\000g\000r\000a\000m\000m\000e\000\040\000d\000e\000\040\000c\000l\000a\000s\000s\000e\000\040\000d\000u\000\040\000S\000p\000r\000i\000n\000t\000\040\0004}{section.4.2}% 82
\BOOKMARK [2][-]{subsection.4.2.4}{\376\377\000R\000a\000f\000f\000i\000n\000e\000m\000e\000n\000t\000\040\000e\000t\000\040\000d\000e\000s\000c\000r\000i\000p\000t\000i\000o\000n\000\040\000t\000e\000x\000t\000u\000e\000l\000l\000e\000\040\000d\000u\000\040\000c\000a\000s\000\040\000d\000'\000u\000t\000i\000l\000i\000s\000a\000t\000i\000o\000n\000\040\000<\000<\000P\000e\000r\000s\000o\000n\000n\000a\000l\000i\000s\000e\000r\000\040\000l\000e\000s\000\040\000\351\000t\000a\000p\000e\000s\000\040\000d\000e\000\040\000t\000r\000a\000i\000t\000e\000m\000e\000n\000t\000\040\000d\000e\000s\000\040\000r\000\351\000c\000l\000a\000m\000a\000t\000i\000o\000n\000s\000\040\000>\000>}{section.4.2}% 83
\BOOKMARK [2][-]{subsection.4.2.5}{\376\377\000L\000e\000s\000\040\000d\000i\000a\000g\000r\000a\000m\000m\000e\000s\000\040\000d\000e\000\040\000s\000\351\000q\000u\000e\000n\000c\000e\000s\000\040\000d\000u\000\040\000c\000a\000s\000\040\000d\040\031\000u\000t\000i\000l\000i\000s\000a\000t\000i\000o\000n\000\040\000\253\000\040\000P\000e\000r\000s\000o\000n\000n\000a\000l\000i\000s\000e\000r\000\040\000l\000e\000s\000\040\000\351\000t\000a\000p\000e\000s\000\040\000d\000e\000\040\000t\000r\000a\000i\000t\000e\000m\000e\000n\000t\000\040\000d\000e\000s\000\040\000r\000\351\000c\000l\000a\000m\000a\000t\000i\000o\000n\000s\000\040\000\273}{section.4.2}% 84
\BOOKMARK [2][-]{subsection.4.2.6}{\376\377\000R\000\351\000a\000l\000i\000s\000a\000t\000i\000o\000n\000\040\000d\000u\000\040\000s\000p\000r\000i\000n\000t\000\040\000<\000<\000P\000e\000r\000s\000o\000n\000n\000a\000l\000i\000s\000e\000r\000\040\000l\000e\000s\000\040\000\351\000t\000a\000p\000e\000s\000\040\000d\000e\000\040\000t\000r\000a\000i\000t\000e\000m\000e\000n\000t\000\040\000d\000e\000s\000\040\000r\000\351\000c\000l\000a\000m\000a\000t\000i\000o\000n\000s\000>\000>}{section.4.2}% 85
\BOOKMARK [2][-]{subsection.4.2.7}{\376\377\000R\000\351\000a\000l\000i\000s\000a\000t\000i\000o\000n\000\040\000d\000e\000\040\000l\000a\000\040\000s\000u\000p\000e\000r\000v\000i\000s\000i\000o\000n\000\040\000d\000e\000\040\000l\000a\000\040\000p\000l\000a\000t\000e\000f\000o\000r\000m\000e}{section.4.2}% 86
\BOOKMARK [2][-]{subsection.4.2.8}{\376\377\000R\000e\000v\000u\000e\000\040\000d\000u\000\040\000S\000p\000r\000i\000n\000t\000\040\0004}{section.4.2}% 87
\BOOKMARK [1][-]{section.4.3}{\376\377\000S\000p\000r\000i\000n\000t\000\040\0005\000\040\000:\000\040\000P\000o\000r\000t\000a\000i\000l\000\040\000p\000u\000b\000l\000i\000c\000\040\000e\000t\000\040\000a\000s\000s\000i\000s\000t\000a\000n\000t\000\040\000c\000o\000n\000v\000e\000r\000s\000a\000t\000i\000o\000n\000n\000e\000l\000\040\000i\000n\000t\000e\000l\000l\000i\000g\000e\000n\000t}{chapter.4}% 88
\BOOKMARK [2][-]{subsection.4.3.1}{\376\377\000C\000o\000n\000c\000e\000p\000t\000s\000\040\000f\000o\000n\000d\000a\000m\000e\000n\000t\000a\000u\000x}{section.4.3}% 89
\BOOKMARK [2][-]{subsection.4.3.2}{\376\377\000B\000a\000c\000k\000l\000o\000g\000\040\000d\000u\000\040\000S\000p\000r\000i\000n\000t\000\040\0005}{section.4.3}% 90
\BOOKMARK [2][-]{subsection.4.3.3}{\376\377\000S\000p\000\351\000c\000i\000f\000i\000c\000a\000t\000i\000o\000n\000\040\000f\000o\000n\000c\000t\000i\000o\000n\000n\000e\000l\000l\000e\000\040\000d\000u\000\040\000S\000p\000r\000i\000n\000t\000\040\0005}{section.4.3}% 91
\BOOKMARK [3][-]{subsubsection.4.3.3.1}{\376\377\000D\000i\000a\000g\000r\000a\000m\000m\000e\000\040\000d\000e\000\040\000c\000a\000s\000\040\000d\000'\000u\000t\000i\000l\000i\000s\000a\000t\000i\000o\000n\000\040\000d\000u\000\040\000S\000p\000r\000i\000n\000t\000\040\0005}{subsection.4.3.3}% 92
\BOOKMARK [3][-]{subsubsection.4.3.3.2}{\376\377\000D\000i\000a\000g\000r\000a\000m\000m\000e\000\040\000d\000e\000\040\000c\000l\000a\000s\000s\000e\000\040\000d\000u\000\040\000S\000p\000r\000i\000n\000t\000\040\0005}{subsection.4.3.3}% 93
\BOOKMARK [3][-]{subsubsection.4.3.3.3}{\376\377\000D\000e\000s\000c\000r\000i\000p\000t\000i\000o\000n\000s\000\040\000t\000e\000x\000t\000u\000e\000l\000l\000e\000s\000\040\000d\000e\000s\000\040\000c\000a\000s\000\040\000d\000'\000u\000t\000i\000l\000i\000s\000a\000t\000i\000o\000n}{subsection.4.3.3}% 94
\BOOKMARK [2][-]{subsection.4.3.4}{\376\377\000A\000r\000c\000h\000i\000t\000e\000c\000t\000u\000r\000e\000\040\000d\000e\000\040\000l\000'\000a\000s\000s\000i\000s\000t\000a\000n\000t\000\040\000c\000o\000n\000v\000e\000r\000s\000a\000t\000i\000o\000n\000n\000e\000l}{section.4.3}% 95
\BOOKMARK [2][-]{subsection.4.3.5}{\376\377\000P\000i\000p\000e\000l\000i\000n\000e\000\040\000R\000A\000G}{section.4.3}% 96
\BOOKMARK [2][-]{subsection.4.3.6}{\376\377\000B\000a\000s\000e\000\040\000d\000e\000\040\000d\000o\000n\000n\000\351\000e\000s\000\040\000v\000e\000c\000t\000o\000r\000i\000e\000l\000l\000e}{section.4.3}% 97
\BOOKMARK [2][-]{subsection.4.3.7}{\376\377\000C\000h\000o\000i\000x\000\040\000d\000u\000\040\000f\000o\000u\000r\000n\000i\000s\000s\000e\000u\000r\000\040\000L\000L\000M\000\040\000e\000t\000\040\000c\000o\000n\000f\000i\000g\000u\000r\000a\000t\000i\000o\000n\000\040\000d\000e\000s\000\040\000c\000l\000\351\000s\000\040\000A\000P\000I}{section.4.3}% 98
\BOOKMARK [2][-]{subsection.4.3.8}{\376\377\000R\000\351\000a\000l\000i\000s\000a\000t\000i\000o\000n\000\040\000d\000u\000\040\000S\000p\000r\000i\000n\000t\000\040\0005}{section.4.3}% 99
\BOOKMARK [2][-]{subsection.4.3.9}{\376\377\000L\000i\000m\000i\000t\000e\000s\000\040\000e\000t\000\040\000p\000e\000r\000s\000p\000e\000c\000t\000i\000v\000e\000s}{section.4.3}% 100
\BOOKMARK [2][-]{subsection.4.3.10}{\376\377\000R\000e\000v\000u\000e\000\040\000d\000u\000\040\000S\000p\000r\000i\000n\000t\000\040\0005}{section.4.3}% 101
\BOOKMARK [1][-]{section.4.4}{\376\377\000C\000o\000n\000c\000l\000u\000s\000i\000o\000n}{chapter.4}% 102
\BOOKMARK [0][-]{section.4.4}{\376\377\000C\000o\000n\000c\000l\000u\000s\000i\000o\000n\000\040\000G\000\351\000n\000\351\000r\000a\000l\000e}{}% 103
